[[{"name" "uwsgi-app"
   "service" nil
   "resource" "uwsgi-app"
   "error" 0
   "span_id" 0
   "trace_id" 0
   "parent_id" nil
   "start" 1614143066199724000
   "duration" 588000
   "meta" {"runtime-id" "17059de615d84ee28a4bf0c1dd5a1fb2"}
   "metrics" {"_dd.agent_psr" 1.0
              "_sampling_priority_v1" 1
              "system.pid" 11279
              "_dd.tracer_kr" 1.0}}]
 [{"name" "uwsgi-app"
   "service" nil
   "resource" "uwsgi-app"
   "error" 0
   "span_id" 0
   "trace_id" 1
   "parent_id" nil
   "start" 1614143066217127300
   "duration" 54300
   "meta" {"runtime-id" "17059de615d84ee28a4bf0c1dd5a1fb2"}
   "metrics" {"_dd.agent_psr" 1.0
              "_sampling_priority_v1" 1
              "system.pid" 11280
              "_dd.tracer_kr" 1.0}}]
 [{"name" "uwsgi-app"
   "service" nil
   "resource" "uwsgi-app"
   "error" 0
   "span_id" 0
   "trace_id" 2
   "parent_id" nil
   "start" 1614143066212548300
   "duration" 82100
   "meta" {"runtime-id" "17059de615d84ee28a4bf0c1dd5a1fb2"}
   "metrics" {"_dd.agent_psr" 1.0
              "_sampling_priority_v1" 1
              "system.pid" 11280
              "_dd.tracer_kr" 1.0}}]
 [{"name" "uwsgi-app"
   "service" nil
   "resource" "uwsgi-app"
   "error" 0
   "span_id" 0
   "trace_id" 3
   "parent_id" nil
   "start" 1614143066218248800
   "duration" 52300
   "meta" {"runtime-id" "17059de615d84ee28a4bf0c1dd5a1fb2"}
   "metrics" {"_dd.agent_psr" 1.0
              "_sampling_priority_v1" 1
              "system.pid" 11280
              "_dd.tracer_kr" 1.0}}]
 [{"name" "uwsgi-app"
   "service" nil
   "resource" "uwsgi-app"
   "error" 0
   "span_id" 0
   "trace_id" 4
   "parent_id" nil
   "start" 1614143066207588200
   "duration" 414200
   "meta" {"runtime-id" "17059de615d84ee28a4bf0c1dd5a1fb2"}
   "metrics" {"_dd.agent_psr" 1.0
              "_sampling_priority_v1" 1
              "system.pid" 11280
              "_dd.tracer_kr" 1.0}}]
 [{"name" "uwsgi-app"
   "service" nil
   "resource" "uwsgi-app"
   "error" 0
   "span_id" 0
   "trace_id" 5
   "parent_id" nil
   "start" 1614143066211272300
   "duration" 84100
   "meta" {"runtime-id" "17059de615d84ee28a4bf0c1dd5a1fb2"}
   "metrics" {"_dd.agent_psr" 1.0
              "_sampling_priority_v1" 1
              "system.pid" 11280
              "_dd.tracer_kr" 1.0}}]
 [{"name" "uwsgi-app"
   "service" nil
   "resource" "uwsgi-app"
   "error" 0
   "span_id" 0
   "trace_id" 6
   "parent_id" nil
   "start" 1614143066205094700
   "duration" 111100
   "meta" {"runtime-id" "17059de615d84ee28a4bf0c1dd5a1fb2"}
   "metrics" {"_dd.agent_psr" 1.0
              "_sampling_priority_v1" 1
              "system.pid" 11279
              "_dd.tracer_kr" 1.0}}]
 [{"name" "uwsgi-app"
   "service" nil
   "resource" "uwsgi-app"
   "error" 0
   "span_id" 0
   "trace_id" 7
   "parent_id" nil
   "start" 1614143066216009500
   "duration" 55100
   "meta" {"runtime-id" "17059de615d84ee28a4bf0c1dd5a1fb2"}
   "metrics" {"_dd.agent_psr" 1.0
              "_sampling_priority_v1" 1
              "system.pid" 11280
              "_dd.tracer_kr" 1.0}}]
 [{"name" "uwsgi-app"
   "service" nil
   "resource" "uwsgi-app"
   "error" 0
   "span_id" 0
   "trace_id" 8
   "parent_id" nil
   "start" 1614143066214931300
   "duration" 54600
   "meta" {"runtime-id" "17059de615d84ee28a4bf0c1dd5a1fb2"}
   "metrics" {"_dd.agent_psr" 1.0
              "_sampling_priority_v1" 1
              "system.pid" 11280
              "_dd.tracer_kr" 1.0}}]
 [{"name" "uwsgi-app"
   "service" nil
   "resource" "uwsgi-app"
   "error" 0
   "span_id" 0
   "trace_id" 9
   "parent_id" nil
   "start" 1614143066213807900
   "duration" 55800
   "meta" {"runtime-id" "17059de615d84ee28a4bf0c1dd5a1fb2"}
   "metrics" {"_dd.agent_psr" 1.0
              "_sampling_priority_v1" 1
              "system.pid" 11280
              "_dd.tracer_kr" 1.0}}]]
