[[{"name" "uwsgi-app"
   "service" nil
   "resource" "uwsgi-app"
   "error" 0
   "span_id" 0
   "trace_id" 0
   "parent_id" nil
   "start" 1614143070245979600
   "duration" 658000
   "meta" {"language" "python"
           "runtime-id" "735f526c1dab4d4188349728565b4267"}
   "metrics" {"_dd.agent_psr" 1.0
              "_sampling_priority_v1" 1
              "system.pid" 11286
              "_dd.tracer_kr" 1.0}}]]
